2026-03-17 15:55:28 - INFO - Babylon.commands.macro.init - 33 -   → Cloning Terraform WebApp module...
2026-03-17 15:55:29 - INFO - Babylon.commands.macro.init - 36 -   ✔ Terraform WebApp module cloned
2026-03-17 15:55:29 - INFO - Babylon.commands.macro.init - 48 -   → Created directory: /home/lcramer/Work/BuildMyCalculator/project
2026-03-17 15:55:29 - INFO - Babylon.commands.macro.init - 54 -   ✔ Generated Organization.yaml
2026-03-17 15:55:29 - INFO - Babylon.commands.macro.init - 54 -   ✔ Generated Solution.yaml
2026-03-17 15:55:29 - INFO - Babylon.commands.macro.init - 54 -   ✔ Generated Workspace.yaml
2026-03-17 15:55:29 - INFO - Babylon.commands.macro.init - 54 -   ✔ Generated Webapp.yaml
2026-03-17 15:55:29 - INFO - Babylon.commands.macro.init - 61 -   ✔ Generated postgres/jobs/k8s_job.yaml
2026-03-17 15:55:29 - INFO - Babylon.commands.macro.init - 65 -   ✔ Generated variables.yaml
2026-03-17 16:50:16 - INFO - Babylon.utils.environment - 305 -   → Loading configuration from Kubernetes secret... 
2026-03-17 16:50:16 - INFO - Babylon.commands.macro.deploy_organization - 41 -   → No existing organization ID found. Creating...
2026-03-17 16:50:16 - INFO - Babylon.commands.macro.deploy_organization - 48 -   ✔ Organization o-zy060vx0y7e2 created
2026-03-17 16:50:16 - INFO - Babylon.utils.environment - 305 -   → Loading configuration from Kubernetes secret... 
2026-03-17 16:50:17 - INFO - Babylon.commands.macro.deploy_solution - 41 -   → No existing solution ID found. Creating...
2026-03-17 16:50:17 - INFO - Babylon.commands.macro.deploy_solution - 50 -   ✔ Solution sol-w41k1689lky9 created
2026-03-17 16:50:17 - INFO - Babylon.utils.environment - 305 -   → Loading configuration from Kubernetes secret... 
2026-03-17 16:50:17 - INFO - Babylon.commands.macro.deploy_workspace - 47 -   → No existing workspace ID found. Creating...
2026-03-17 16:50:18 - INFO - Babylon.commands.macro.deploy_workspace - 56 -   ✔ Workspace w-25m6m4998vd4 created
2026-03-17 16:50:18 - INFO - Babylon.commands.macro.deploy - 163 -   → Found PostgreSQL service postgresql
2026-03-17 16:50:18 - INFO - Babylon.commands.macro.deploy_workspace - 96 -   → Initializing PostgreSQL schema for workspace w-25m6m4998vd4...
2026-03-17 16:50:19 - INFO - Babylon.commands.macro.deploy_workspace - 128 -   → Waiting for job postgresql-init-w-25m6m4998vd4 to complete...
2026-03-17 16:50:27 - INFO - Babylon.commands.macro.deploy_workspace - 150 -   → Checking job logs for errors...
2026-03-17 16:50:27 - INFO - Babylon.commands.macro.deploy_workspace - 167 -   ✔ Schema creation w_25m6m4998vd4 completed successfully
2026-03-17 16:50:27 - INFO - Babylon.commands.macro.deploy_webapp - 61 -   → Running Terraform deployment...
2026-03-17 16:52:15 - INFO - Babylon.commands.macro.deploy - 248 -   ✔ WebApp bmc deployed
